---
source: crates/omnifs-itest/src/scenario.rs
expression: trace.clone()
---
## step 2: read /namespaces/demo/deployments/ticker/status.yaml
attrs: dynamic - 526
bytes (526):
availableReplicas: 1
conditions:
- lastTransitionTime: 2026-07-08T13:06:36Z
  lastUpdateTime: 2026-07-08T13:06:36Z
  message: Deployment has minimum availability.
  reason: MinimumReplicasAvailable
  status: 'True'
  type: Available
- lastTransitionTime: 2026-07-08T13:06:27Z
  lastUpdateTime: 2026-07-08T13:06:36Z
  message: ReplicaSet "ticker-7f784fcdc4" has successfully progressed.
  reason: NewReplicaSetAvailable
  status: 'True'
  type: Progressing
observedGeneration: 1
readyReplicas: 1
replicas: 1
updatedReplicas: 1

canonical:
  /namespaces/demo/deployments/ticker/manifest.json  sha256:9b84154b881bcb2ed57dab7d2657a9077cf3eca4874143ad3e96feddedabd686
  /namespaces/demo/deployments/ticker/manifest.yaml  sha256:9b84154b881bcb2ed57dab7d2657a9077cf3eca4874143ad3e96feddedabd686
  /namespaces/demo/deployments/ticker/status.yaml  sha256:9b84154b881bcb2ed57dab7d2657a9077cf3eca4874143ad3e96feddedabd686
fs:
  (none)
invalidations:
  (none)
