---
source: crates/omnifs-cli/src/commands/doctor.rs
expression: strip_ansi(&report.render())
---
Diagnostics (5)
  ✓ docker reachable     docker daemon responds
  • fuse                 macOS: native mount is NFS loopback
  ✓ providers discovered 9 providers (27 artifacts)
  ! credential store     directory will be created on first write
  ✗ network              ghcr.io unreachable

Live daemon
  ! linear credential linear:oauth:default is expired; run omnifs mount reauth linear

verdict: 1 failure
