---
source: crates/omnifs-itest/src/scenario.rs
expression: trace.clone()
---
## step 3: list /namespaces/demo
addons  dir  -  -
configmaps  dir  -  -
controllerrevisions  dir  -  -
cronjobs  dir  -  -
csistoragecapacities  dir  -  -
daemonsets  dir  -  -
deployments  dir  -  -
endpoints  dir  -  -
endpointslices  dir  -  -
events  dir  -  -
events.events.k8s.io  dir  -  -
helmchartconfigs  dir  -  -
helmcharts  dir  -  -
horizontalpodautoscalers  dir  -  -
ingresses  dir  -  -
jobs  dir  -  -
leases  dir  -  -
limitranges  dir  -  -
networkpolicies  dir  -  -
persistentvolumeclaims  dir  -  -
poddisruptionbudgets  dir  -  -
pods  dir  -  -
podtemplates  dir  -  -
replicasets  dir  -  -
replicationcontrollers  dir  -  -
resourcequotas  dir  -  -
rolebindings  dir  -  -
roles  dir  -  -
secrets  dir  -  -
serviceaccounts  dir  -  -
services  dir  -  -
statefulsets  dir  -  -
canonical:
  (none)
fs:
  (none)
invalidations:
  (none)
