---
source: crates/omnifs-itest/src/scenario.rs
expression: trace.clone()
---
## step 0: read /https/example.com
attrs: dynamic - 170
bytes (170):
# Example Domain

This domain is for use in documentation examples without needing permission\. Avoid use in operations\.

[Learn more](https://iana.org/domains/example)

canonical:
  (none)
fs:
  (none)
invalidations:
  (none)
